[  -71189ms] [WARNING] Error parsing a meta element's content: ';' is not a valid key-value pair separator. Please use ',' instead. @ https://rahulshettyacademy.com/dropdownsPractise/:18
[  -70292ms] [LOG] JQMIGRATE: Logging is active @ https://rahulshettyacademy.com/dropdownsPractise/js/2.js?version=09012018120022:27
[  -70217ms] [WARNING] JQMIGRATE: jQuery.fn.live() is deprecated @ https://rahulshettyacademy.com/dropdownsPractise/js/2.js?version=09012018120022:27
[  -69887ms] [WARNING] JQMIGRATE: jQuery.fn.attr('checked') may use property instead of attribute @ https://rahulshettyacademy.com/dropdownsPractise/js/2.js?version=09012018120022:27
[  -69810ms] [LOG] 05-05-2019 @ https://rahulshettyacademy.com/dropdownsPractise/:2335
[  -69776ms] [LOG] width:720--- Height:1280 @ https://rahulshettyacademy.com/dropdownsPractise/:3295
[  -68482ms] [WARNING] JQMIGRATE: jQuery.parseJSON requires a valid JSON string @ https://rahulshettyacademy.com/dropdownsPractise/js/2.js?version=09012018120022:27
[  -66157ms] [LOG] 1 @ https://rahulshettyacademy.com/dropdownsPractise/:3455
[  -57363ms] [LOG] 2 @ https://rahulshettyacademy.com/dropdownsPractise/:3455
[  -50015ms] [LOG] 3 @ https://rahulshettyacademy.com/dropdownsPractise/:3455
[  -46011ms] [LOG] 0 @ https://rahulshettyacademy.com/dropdownsPractise/:3455
[  -42014ms] [LOG] 1 @ https://rahulshettyacademy.com/dropdownsPractise/:3455
[  -38007ms] [LOG] 2 @ https://rahulshettyacademy.com/dropdownsPractise/:3455
[  -34010ms] [LOG] 3 @ https://rahulshettyacademy.com/dropdownsPractise/:3455
[  -30012ms] [LOG] 0 @ https://rahulshettyacademy.com/dropdownsPractise/:3455
[  -26014ms] [LOG] 1 @ https://rahulshettyacademy.com/dropdownsPractise/:3455
[  -22008ms] [LOG] 2 @ https://rahulshettyacademy.com/dropdownsPractise/:3455
[  -18012ms] [LOG] 3 @ https://rahulshettyacademy.com/dropdownsPractise/:3455
[  -14013ms] [LOG] 0 @ https://rahulshettyacademy.com/dropdownsPractise/:3455
[  -10007ms] [LOG] 1 @ https://rahulshettyacademy.com/dropdownsPractise/:3455
[   -6010ms] [LOG] 2 @ https://rahulshettyacademy.com/dropdownsPractise/:3455
[      60ms] Unexpected token '<'
[      60ms] Unexpected token '<'
[      60ms] Unexpected token '<'
[      60ms] Unexpected token '<'
[      60ms] Unexpected token '<'
[      60ms] Unexpected token '<'
[      60ms] ReferenceError: Sys is not defined
    at https://rahulshettyacademy.com/dropdownsPractise/:569:1
[      60ms] ReferenceError: Sys is not defined
    at https://rahulshettyacademy.com/dropdownsPractise/:3588:1
[    1027ms] [LOG] 3 @ https://rahulshettyacademy.com/dropdownsPractise/:3455
[    5026ms] [LOG] 0 @ https://rahulshettyacademy.com/dropdownsPractise/:3455
[    9023ms] [LOG] 1 @ https://rahulshettyacademy.com/dropdownsPractise/:3455
[   13028ms] [LOG] 2 @ https://rahulshettyacademy.com/dropdownsPractise/:3455
[   17027ms] [LOG] 3 @ https://rahulshettyacademy.com/dropdownsPractise/:3455
[   21025ms] [LOG] 0 @ https://rahulshettyacademy.com/dropdownsPractise/:3455
[   25022ms] [LOG] 1 @ https://rahulshettyacademy.com/dropdownsPractise/:3455
[   29029ms] [LOG] 2 @ https://rahulshettyacademy.com/dropdownsPractise/:3455
[   33027ms] [LOG] 3 @ https://rahulshettyacademy.com/dropdownsPractise/:3455
[   37025ms] [LOG] 0 @ https://rahulshettyacademy.com/dropdownsPractise/:3455
[   41022ms] [LOG] 1 @ https://rahulshettyacademy.com/dropdownsPractise/:3455
[   45029ms] [LOG] 2 @ https://rahulshettyacademy.com/dropdownsPractise/:3455
[   49027ms] [LOG] 3 @ https://rahulshettyacademy.com/dropdownsPractise/:3455
[   53023ms] [LOG] 0 @ https://rahulshettyacademy.com/dropdownsPractise/:3455
[   57029ms] [LOG] 1 @ https://rahulshettyacademy.com/dropdownsPractise/:3455
[   61027ms] [LOG] 2 @ https://rahulshettyacademy.com/dropdownsPractise/:3455
[   65024ms] [LOG] 3 @ https://rahulshettyacademy.com/dropdownsPractise/:3455
[   69023ms] [LOG] 0 @ https://rahulshettyacademy.com/dropdownsPractise/:3455
[   73023ms] [LOG] 1 @ https://rahulshettyacademy.com/dropdownsPractise/:3455
[   77026ms] [LOG] 2 @ https://rahulshettyacademy.com/dropdownsPractise/:3455
[   81024ms] [LOG] 3 @ https://rahulshettyacademy.com/dropdownsPractise/:3455
[   85022ms] [LOG] 0 @ https://rahulshettyacademy.com/dropdownsPractise/:3455
[   89028ms] [LOG] 1 @ https://rahulshettyacademy.com/dropdownsPractise/:3455
[   93025ms] [LOG] 2 @ https://rahulshettyacademy.com/dropdownsPractise/:3455
[   97024ms] [LOG] 3 @ https://rahulshettyacademy.com/dropdownsPractise/:3455
[  101029ms] [LOG] 0 @ https://rahulshettyacademy.com/dropdownsPractise/:3455
[  105027ms] [LOG] 1 @ https://rahulshettyacademy.com/dropdownsPractise/:3455
[  109026ms] [LOG] 2 @ https://rahulshettyacademy.com/dropdownsPractise/:3455
[  113024ms] [LOG] 3 @ https://rahulshettyacademy.com/dropdownsPractise/:3455
[  117028ms] [LOG] 0 @ https://rahulshettyacademy.com/dropdownsPractise/:3455
[  121028ms] [LOG] 1 @ https://rahulshettyacademy.com/dropdownsPractise/:3455
[  125023ms] [LOG] 2 @ https://rahulshettyacademy.com/dropdownsPractise/:3455
[  129023ms] [LOG] 3 @ https://rahulshettyacademy.com/dropdownsPractise/:3455
[  133027ms] [LOG] 0 @ https://rahulshettyacademy.com/dropdownsPractise/:3455
[  137025ms] [LOG] 1 @ https://rahulshettyacademy.com/dropdownsPractise/:3455
[  141023ms] [LOG] 2 @ https://rahulshettyacademy.com/dropdownsPractise/:3455
[  145029ms] [LOG] 3 @ https://rahulshettyacademy.com/dropdownsPractise/:3455
[  149026ms] [LOG] 0 @ https://rahulshettyacademy.com/dropdownsPractise/:3455
[  153025ms] [LOG] 1 @ https://rahulshettyacademy.com/dropdownsPractise/:3455
[  157022ms] [LOG] 2 @ https://rahulshettyacademy.com/dropdownsPractise/:3455
[  161029ms] [LOG] 3 @ https://rahulshettyacademy.com/dropdownsPractise/:3455
[  165027ms] [LOG] 0 @ https://rahulshettyacademy.com/dropdownsPractise/:3455
[  169025ms] [LOG] 1 @ https://rahulshettyacademy.com/dropdownsPractise/:3455
[  173023ms] [LOG] 2 @ https://rahulshettyacademy.com/dropdownsPractise/:3455
[  177027ms] [LOG] 3 @ https://rahulshettyacademy.com/dropdownsPractise/:3455
[  181023ms] [LOG] 0 @ https://rahulshettyacademy.com/dropdownsPractise/:3455
[  185022ms] [LOG] 1 @ https://rahulshettyacademy.com/dropdownsPractise/:3455
[  189029ms] [LOG] 2 @ https://rahulshettyacademy.com/dropdownsPractise/:3455
[  193026ms] [LOG] 3 @ https://rahulshettyacademy.com/dropdownsPractise/:3455
[  197024ms] [LOG] 0 @ https://rahulshettyacademy.com/dropdownsPractise/:3455
[  201023ms] [LOG] 1 @ https://rahulshettyacademy.com/dropdownsPractise/:3455
[  205025ms] [LOG] 2 @ https://rahulshettyacademy.com/dropdownsPractise/:3455
[  209025ms] [LOG] 3 @ https://rahulshettyacademy.com/dropdownsPractise/:3455
[  213022ms] [LOG] 0 @ https://rahulshettyacademy.com/dropdownsPractise/:3455
[  217022ms] [LOG] 1 @ https://rahulshettyacademy.com/dropdownsPractise/:3455
[  221027ms] [LOG] 2 @ https://rahulshettyacademy.com/dropdownsPractise/:3455
[  225024ms] [LOG] 3 @ https://rahulshettyacademy.com/dropdownsPractise/:3455
[  229025ms] [LOG] 0 @ https://rahulshettyacademy.com/dropdownsPractise/:3455
[  233028ms] [LOG] 1 @ https://rahulshettyacademy.com/dropdownsPractise/:3455
[  237026ms] [LOG] 2 @ https://rahulshettyacademy.com/dropdownsPractise/:3455
[  241024ms] [LOG] 3 @ https://rahulshettyacademy.com/dropdownsPractise/:3455
[  245022ms] [LOG] 0 @ https://rahulshettyacademy.com/dropdownsPractise/:3455
[  249027ms] [LOG] 1 @ https://rahulshettyacademy.com/dropdownsPractise/:3455
[  253026ms] [LOG] 2 @ https://rahulshettyacademy.com/dropdownsPractise/:3455
[  257023ms] [LOG] 3 @ https://rahulshettyacademy.com/dropdownsPractise/:3455
[  261023ms] [LOG] 0 @ https://rahulshettyacademy.com/dropdownsPractise/:3455
[  265027ms] [LOG] 1 @ https://rahulshettyacademy.com/dropdownsPractise/:3455
[  269024ms] [LOG] 2 @ https://rahulshettyacademy.com/dropdownsPractise/:3455
[  273022ms] [LOG] 3 @ https://rahulshettyacademy.com/dropdownsPractise/:3455
[  277028ms] [LOG] 0 @ https://rahulshettyacademy.com/dropdownsPractise/:3455
[  281026ms] [LOG] 1 @ https://rahulshettyacademy.com/dropdownsPractise/:3455
[  285024ms] [LOG] 2 @ https://rahulshettyacademy.com/dropdownsPractise/:3455
[  289030ms] [LOG] 3 @ https://rahulshettyacademy.com/dropdownsPractise/:3455
[  293028ms] [LOG] 0 @ https://rahulshettyacademy.com/dropdownsPractise/:3455
[  297025ms] [LOG] 1 @ https://rahulshettyacademy.com/dropdownsPractise/:3455
[  301024ms] [LOG] 2 @ https://rahulshettyacademy.com/dropdownsPractise/:3455
[  305023ms] [LOG] 3 @ https://rahulshettyacademy.com/dropdownsPractise/:3455
[  309027ms] [LOG] 0 @ https://rahulshettyacademy.com/dropdownsPractise/:3455
[  313025ms] [LOG] 1 @ https://rahulshettyacademy.com/dropdownsPractise/:3455
[  317022ms] [LOG] 2 @ https://rahulshettyacademy.com/dropdownsPractise/:3455
[  321028ms] [LOG] 3 @ https://rahulshettyacademy.com/dropdownsPractise/:3455
[  325026ms] [LOG] 0 @ https://rahulshettyacademy.com/dropdownsPractise/:3455
[  329023ms] [LOG] 1 @ https://rahulshettyacademy.com/dropdownsPractise/:3455
[  333022ms] [LOG] 2 @ https://rahulshettyacademy.com/dropdownsPractise/:3455
[  337026ms] [LOG] 3 @ https://rahulshettyacademy.com/dropdownsPractise/:3455
[  341025ms] [LOG] 0 @ https://rahulshettyacademy.com/dropdownsPractise/:3455
[  345022ms] [LOG] 1 @ https://rahulshettyacademy.com/dropdownsPractise/:3455
[  349028ms] [LOG] 2 @ https://rahulshettyacademy.com/dropdownsPractise/:3455
[  353026ms] [LOG] 3 @ https://rahulshettyacademy.com/dropdownsPractise/:3455
[  357024ms] [LOG] 0 @ https://rahulshettyacademy.com/dropdownsPractise/:3455
[  361022ms] [LOG] 1 @ https://rahulshettyacademy.com/dropdownsPractise/:3455
[  365023ms] [LOG] 2 @ https://rahulshettyacademy.com/dropdownsPractise/:3455
[  374948ms] [LOG] 3 @ https://rahulshettyacademy.com/dropdownsPractise/:3455
[  378946ms] [LOG] 0 @ https://rahulshettyacademy.com/dropdownsPractise/:3455
[  382942ms] [LOG] 1 @ https://rahulshettyacademy.com/dropdownsPractise/:3455
[  386949ms] [LOG] 2 @ https://rahulshettyacademy.com/dropdownsPractise/:3455
[  390946ms] [LOG] 3 @ https://rahulshettyacademy.com/dropdownsPractise/:3455
[  394944ms] [LOG] 0 @ https://rahulshettyacademy.com/dropdownsPractise/:3455
[  398949ms] [LOG] 1 @ https://rahulshettyacademy.com/dropdownsPractise/:3455
[  402949ms] [LOG] 2 @ https://rahulshettyacademy.com/dropdownsPractise/:3455
[  406946ms] [LOG] 3 @ https://rahulshettyacademy.com/dropdownsPractise/:3455
[  410945ms] [LOG] 0 @ https://rahulshettyacademy.com/dropdownsPractise/:3455
[  414949ms] [LOG] 1 @ https://rahulshettyacademy.com/dropdownsPractise/:3455
[  418949ms] [LOG] 2 @ https://rahulshettyacademy.com/dropdownsPractise/:3455
[  422945ms] [LOG] 3 @ https://rahulshettyacademy.com/dropdownsPractise/:3455
[  426953ms] [LOG] 0 @ https://rahulshettyacademy.com/dropdownsPractise/:3455
[  430945ms] [LOG] 1 @ https://rahulshettyacademy.com/dropdownsPractise/:3455
[  439007ms] [LOG] 2 @ https://rahulshettyacademy.com/dropdownsPractise/:3455
[  448960ms] [LOG] 3 @ https://rahulshettyacademy.com/dropdownsPractise/:3455
[  452954ms] [LOG] 0 @ https://rahulshettyacademy.com/dropdownsPractise/:3455
[  456952ms] [LOG] 1 @ https://rahulshettyacademy.com/dropdownsPractise/:3455
[  460950ms] [LOG] 2 @ https://rahulshettyacademy.com/dropdownsPractise/:3455
[  464955ms] [LOG] 3 @ https://rahulshettyacademy.com/dropdownsPractise/:3455
[  468951ms] [LOG] 0 @ https://rahulshettyacademy.com/dropdownsPractise/:3455
[  472958ms] [LOG] 1 @ https://rahulshettyacademy.com/dropdownsPractise/:3455
[  476955ms] [LOG] 2 @ https://rahulshettyacademy.com/dropdownsPractise/:3455
[  480958ms] [LOG] 3 @ https://rahulshettyacademy.com/dropdownsPractise/:3455
[  485039ms] [LOG] 0 @ https://rahulshettyacademy.com/dropdownsPractise/:3455
[  488957ms] [LOG] 1 @ https://rahulshettyacademy.com/dropdownsPractise/:3455
[  492955ms] [LOG] 2 @ https://rahulshettyacademy.com/dropdownsPractise/:3455
[  496954ms] [LOG] 3 @ https://rahulshettyacademy.com/dropdownsPractise/:3455
[  500958ms] [LOG] 0 @ https://rahulshettyacademy.com/dropdownsPractise/:3455
[  504956ms] [LOG] 1 @ https://rahulshettyacademy.com/dropdownsPractise/:3455
[  508954ms] [LOG] 2 @ https://rahulshettyacademy.com/dropdownsPractise/:3455
[  512954ms] [LOG] 3 @ https://rahulshettyacademy.com/dropdownsPractise/:3455
[  516952ms] [LOG] 0 @ https://rahulshettyacademy.com/dropdownsPractise/:3455
[  520955ms] [LOG] 1 @ https://rahulshettyacademy.com/dropdownsPractise/:3455
[  524957ms] [LOG] 2 @ https://rahulshettyacademy.com/dropdownsPractise/:3455
[  528958ms] [LOG] 3 @ https://rahulshettyacademy.com/dropdownsPractise/:3455
[  532956ms] [LOG] 0 @ https://rahulshettyacademy.com/dropdownsPractise/:3455
[  536956ms] [LOG] 1 @ https://rahulshettyacademy.com/dropdownsPractise/:3455
[  540952ms] [LOG] 2 @ https://rahulshettyacademy.com/dropdownsPractise/:3455
[  544958ms] [LOG] 3 @ https://rahulshettyacademy.com/dropdownsPractise/:3455
[  548956ms] [LOG] 0 @ https://rahulshettyacademy.com/dropdownsPractise/:3455
[  552955ms] [LOG] 1 @ https://rahulshettyacademy.com/dropdownsPractise/:3455
[  556953ms] [LOG] 2 @ https://rahulshettyacademy.com/dropdownsPractise/:3455
[  560950ms] [LOG] 3 @ https://rahulshettyacademy.com/dropdownsPractise/:3455
[  564955ms] [LOG] 0 @ https://rahulshettyacademy.com/dropdownsPractise/:3455
[  568955ms] [LOG] 1 @ https://rahulshettyacademy.com/dropdownsPractise/:3455
[  572951ms] [LOG] 2 @ https://rahulshettyacademy.com/dropdownsPractise/:3455
[  576952ms] [LOG] 3 @ https://rahulshettyacademy.com/dropdownsPractise/:3455
[  580957ms] [LOG] 0 @ https://rahulshettyacademy.com/dropdownsPractise/:3455
[  585165ms] [LOG] 1 @ https://rahulshettyacademy.com/dropdownsPractise/:3455
[  588957ms] [LOG] 2 @ https://rahulshettyacademy.com/dropdownsPractise/:3455
[  592957ms] [LOG] 3 @ https://rahulshettyacademy.com/dropdownsPractise/:3455
[  596953ms] [LOG] 0 @ https://rahulshettyacademy.com/dropdownsPractise/:3455
[  600953ms] [LOG] 1 @ https://rahulshettyacademy.com/dropdownsPractise/:3455
[  604951ms] [LOG] 2 @ https://rahulshettyacademy.com/dropdownsPractise/:3455
[  608956ms] [LOG] 3 @ https://rahulshettyacademy.com/dropdownsPractise/:3455
[  612953ms] [LOG] 0 @ https://rahulshettyacademy.com/dropdownsPractise/:3455
[  616959ms] [LOG] 1 @ https://rahulshettyacademy.com/dropdownsPractise/:3455
[  620955ms] [LOG] 2 @ https://rahulshettyacademy.com/dropdownsPractise/:3455
[  624954ms] [LOG] 3 @ https://rahulshettyacademy.com/dropdownsPractise/:3455
[  628951ms] [LOG] 0 @ https://rahulshettyacademy.com/dropdownsPractise/:3455
[  632956ms] [LOG] 1 @ https://rahulshettyacademy.com/dropdownsPractise/:3455
[  636952ms] [LOG] 2 @ https://rahulshettyacademy.com/dropdownsPractise/:3455
[  640960ms] [LOG] 3 @ https://rahulshettyacademy.com/dropdownsPractise/:3455
[  644953ms] [LOG] 0 @ https://rahulshettyacademy.com/dropdownsPractise/:3455
[  648951ms] [LOG] 1 @ https://rahulshettyacademy.com/dropdownsPractise/:3455
[  652954ms] [LOG] 2 @ https://rahulshettyacademy.com/dropdownsPractise/:3455
[  656954ms] [LOG] 3 @ https://rahulshettyacademy.com/dropdownsPractise/:3455
[  660962ms] [LOG] 0 @ https://rahulshettyacademy.com/dropdownsPractise/:3455
[  664961ms] [LOG] 1 @ https://rahulshettyacademy.com/dropdownsPractise/:3455
[  668952ms] [LOG] 2 @ https://rahulshettyacademy.com/dropdownsPractise/:3455
[  672957ms] [LOG] 3 @ https://rahulshettyacademy.com/dropdownsPractise/:3455
[  676958ms] [LOG] 0 @ https://rahulshettyacademy.com/dropdownsPractise/:3455
[  680951ms] [LOG] 1 @ https://rahulshettyacademy.com/dropdownsPractise/:3455
[  684960ms] [LOG] 2 @ https://rahulshettyacademy.com/dropdownsPractise/:3455
[  688953ms] [LOG] 3 @ https://rahulshettyacademy.com/dropdownsPractise/:3455
[  692954ms] [LOG] 0 @ https://rahulshettyacademy.com/dropdownsPractise/:3455
[  696964ms] [LOG] 1 @ https://rahulshettyacademy.com/dropdownsPractise/:3455
[  700950ms] [LOG] 2 @ https://rahulshettyacademy.com/dropdownsPractise/:3455
[  704956ms] [LOG] 3 @ https://rahulshettyacademy.com/dropdownsPractise/:3455
[  708951ms] [LOG] 0 @ https://rahulshettyacademy.com/dropdownsPractise/:3455
[  712951ms] [LOG] 1 @ https://rahulshettyacademy.com/dropdownsPractise/:3455
[  716962ms] [LOG] 2 @ https://rahulshettyacademy.com/dropdownsPractise/:3455
[  720961ms] [LOG] 3 @ https://rahulshettyacademy.com/dropdownsPractise/:3455
[  724950ms] [LOG] 0 @ https://rahulshettyacademy.com/dropdownsPractise/:3455
[  728958ms] [LOG] 1 @ https://rahulshettyacademy.com/dropdownsPractise/:3455
[  732958ms] [LOG] 2 @ https://rahulshettyacademy.com/dropdownsPractise/:3455
[  736959ms] [LOG] 3 @ https://rahulshettyacademy.com/dropdownsPractise/:3455
[  740950ms] [LOG] 0 @ https://rahulshettyacademy.com/dropdownsPractise/:3455
[  744957ms] [LOG] 1 @ https://rahulshettyacademy.com/dropdownsPractise/:3455
[  748958ms] [LOG] 2 @ https://rahulshettyacademy.com/dropdownsPractise/:3455
[  752956ms] [LOG] 3 @ https://rahulshettyacademy.com/dropdownsPractise/:3455
[  756953ms] [LOG] 0 @ https://rahulshettyacademy.com/dropdownsPractise/:3455
[  760954ms] [LOG] 1 @ https://rahulshettyacademy.com/dropdownsPractise/:3455
[  764951ms] [LOG] 2 @ https://rahulshettyacademy.com/dropdownsPractise/:3455
[  768964ms] [LOG] 3 @ https://rahulshettyacademy.com/dropdownsPractise/:3455
[  772957ms] [LOG] 0 @ https://rahulshettyacademy.com/dropdownsPractise/:3455
[  776951ms] [LOG] 1 @ https://rahulshettyacademy.com/dropdownsPractise/:3455
[  780959ms] [LOG] 2 @ https://rahulshettyacademy.com/dropdownsPractise/:3455
[  784955ms] [LOG] 3 @ https://rahulshettyacademy.com/dropdownsPractise/:3455
[  788954ms] [LOG] 0 @ https://rahulshettyacademy.com/dropdownsPractise/:3455
[  792952ms] [LOG] 1 @ https://rahulshettyacademy.com/dropdownsPractise/:3455
[  796951ms] [LOG] 2 @ https://rahulshettyacademy.com/dropdownsPractise/:3455
[  800950ms] [LOG] 3 @ https://rahulshettyacademy.com/dropdownsPractise/:3455
[  804960ms] [LOG] 0 @ https://rahulshettyacademy.com/dropdownsPractise/:3455
[  808956ms] [LOG] 1 @ https://rahulshettyacademy.com/dropdownsPractise/:3455
[  812955ms] [LOG] 2 @ https://rahulshettyacademy.com/dropdownsPractise/:3455
[  816961ms] [LOG] 3 @ https://rahulshettyacademy.com/dropdownsPractise/:3455
[  820958ms] [LOG] 0 @ https://rahulshettyacademy.com/dropdownsPractise/:3455
[  824957ms] [LOG] 1 @ https://rahulshettyacademy.com/dropdownsPractise/:3455
[  828955ms] [LOG] 2 @ https://rahulshettyacademy.com/dropdownsPractise/:3455
[  832954ms] [LOG] 3 @ https://rahulshettyacademy.com/dropdownsPractise/:3455
[  836960ms] [LOG] 0 @ https://rahulshettyacademy.com/dropdownsPractise/:3455
[  840949ms] [LOG] 1 @ https://rahulshettyacademy.com/dropdownsPractise/:3455
[  844950ms] [LOG] 2 @ https://rahulshettyacademy.com/dropdownsPractise/:3455
[  848970ms] [LOG] 3 @ https://rahulshettyacademy.com/dropdownsPractise/:3455
[  852960ms] [LOG] 0 @ https://rahulshettyacademy.com/dropdownsPractise/:3455
[  856955ms] [LOG] 1 @ https://rahulshettyacademy.com/dropdownsPractise/:3455
[  860953ms] [LOG] 2 @ https://rahulshettyacademy.com/dropdownsPractise/:3455
[  864954ms] [LOG] 3 @ https://rahulshettyacademy.com/dropdownsPractise/:3455
[  868950ms] [LOG] 0 @ https://rahulshettyacademy.com/dropdownsPractise/:3455
[  872963ms] [LOG] 1 @ https://rahulshettyacademy.com/dropdownsPractise/:3455
[  876954ms] [LOG] 2 @ https://rahulshettyacademy.com/dropdownsPractise/:3455
[  880951ms] [LOG] 3 @ https://rahulshettyacademy.com/dropdownsPractise/:3455
[  884950ms] [LOG] 0 @ https://rahulshettyacademy.com/dropdownsPractise/:3455
[  888954ms] [LOG] 1 @ https://rahulshettyacademy.com/dropdownsPractise/:3455
[  892951ms] [LOG] 2 @ https://rahulshettyacademy.com/dropdownsPractise/:3455
[  896950ms] [LOG] 3 @ https://rahulshettyacademy.com/dropdownsPractise/:3455
[  900955ms] [LOG] 0 @ https://rahulshettyacademy.com/dropdownsPractise/:3455
[  904953ms] [LOG] 1 @ https://rahulshettyacademy.com/dropdownsPractise/:3455
[  908951ms] [LOG] 2 @ https://rahulshettyacademy.com/dropdownsPractise/:3455
[  912957ms] [LOG] 3 @ https://rahulshettyacademy.com/dropdownsPractise/:3455
[  916963ms] [LOG] 0 @ https://rahulshettyacademy.com/dropdownsPractise/:3455
[  920955ms] [LOG] 1 @ https://rahulshettyacademy.com/dropdownsPractise/:3455
[  924950ms] [LOG] 2 @ https://rahulshettyacademy.com/dropdownsPractise/:3455
[  928956ms] [LOG] 3 @ https://rahulshettyacademy.com/dropdownsPractise/:3455
[  932954ms] [LOG] 0 @ https://rahulshettyacademy.com/dropdownsPractise/:3455
[  936952ms] [LOG] 1 @ https://rahulshettyacademy.com/dropdownsPractise/:3455
[  940950ms] [LOG] 2 @ https://rahulshettyacademy.com/dropdownsPractise/:3455
[  944955ms] [LOG] 3 @ https://rahulshettyacademy.com/dropdownsPractise/:3455
[  948952ms] [LOG] 0 @ https://rahulshettyacademy.com/dropdownsPractise/:3455
[  952952ms] [LOG] 1 @ https://rahulshettyacademy.com/dropdownsPractise/:3455
[  956956ms] [LOG] 2 @ https://rahulshettyacademy.com/dropdownsPractise/:3455
[  960954ms] [LOG] 3 @ https://rahulshettyacademy.com/dropdownsPractise/:3455
[  964952ms] [LOG] 0 @ https://rahulshettyacademy.com/dropdownsPractise/:3455
[  968950ms] [LOG] 1 @ https://rahulshettyacademy.com/dropdownsPractise/:3455
[  972956ms] [LOG] 2 @ https://rahulshettyacademy.com/dropdownsPractise/:3455
[  976954ms] [LOG] 3 @ https://rahulshettyacademy.com/dropdownsPractise/:3455
[  980950ms] [LOG] 0 @ https://rahulshettyacademy.com/dropdownsPractise/:3455
[  984949ms] [LOG] 1 @ https://rahulshettyacademy.com/dropdownsPractise/:3455
[  988954ms] [LOG] 2 @ https://rahulshettyacademy.com/dropdownsPractise/:3455
[  992952ms] [LOG] 3 @ https://rahulshettyacademy.com/dropdownsPractise/:3455
[  996956ms] [LOG] 0 @ https://rahulshettyacademy.com/dropdownsPractise/:3455
[ 1000956ms] [LOG] 1 @ https://rahulshettyacademy.com/dropdownsPractise/:3455
[ 1004958ms] [LOG] 2 @ https://rahulshettyacademy.com/dropdownsPractise/:3455
