[   -9224ms] [WARNING] Error parsing a meta element's content: ';' is not a valid key-value pair separator. Please use ',' instead. @ https://rahulshettyacademy.com/dropdownsPractise/:18
[   -8167ms] [LOG] JQMIGRATE: Logging is active @ https://rahulshettyacademy.com/dropdownsPractise/js/2.js?version=09012018120022:27
[   -8149ms] [WARNING] JQMIGRATE: jQuery.fn.live() is deprecated @ https://rahulshettyacademy.com/dropdownsPractise/js/2.js?version=09012018120022:27
[   -8049ms] [WARNING] JQMIGRATE: jQuery.fn.attr('checked') may use property instead of attribute @ https://rahulshettyacademy.com/dropdownsPractise/js/2.js?version=09012018120022:27
[   -8008ms] [LOG] 05-05-2019 @ https://rahulshettyacademy.com/dropdownsPractise/:2335
[   -7985ms] [LOG] width:720--- Height:1280 @ https://rahulshettyacademy.com/dropdownsPractise/:3295
[   -6584ms] [WARNING] JQMIGRATE: jQuery.parseJSON requires a valid JSON string @ https://rahulshettyacademy.com/dropdownsPractise/js/2.js?version=09012018120022:27
[      12ms] Unexpected token '<'
[      12ms] Unexpected token '<'
[      12ms] Unexpected token '<'
[      12ms] Unexpected token '<'
[      12ms] Unexpected token '<'
[      12ms] Unexpected token '<'
[      12ms] ReferenceError: Sys is not defined
    at https://rahulshettyacademy.com/dropdownsPractise/:569:1
[      12ms] ReferenceError: Sys is not defined
    at https://rahulshettyacademy.com/dropdownsPractise/:3588:1
[   11403ms] [LOG] 1 @ https://rahulshettyacademy.com/dropdownsPractise/:3455
[   20688ms] [LOG] 2 @ https://rahulshettyacademy.com/dropdownsPractise/:3455
[   24689ms] [LOG] 3 @ https://rahulshettyacademy.com/dropdownsPractise/:3455
[   28692ms] [LOG] 0 @ https://rahulshettyacademy.com/dropdownsPractise/:3455
[   32690ms] [LOG] 1 @ https://rahulshettyacademy.com/dropdownsPractise/:3455
[   36688ms] [LOG] 2 @ https://rahulshettyacademy.com/dropdownsPractise/:3455
[   40694ms] [LOG] 3 @ https://rahulshettyacademy.com/dropdownsPractise/:3455
[   44691ms] [LOG] 0 @ https://rahulshettyacademy.com/dropdownsPractise/:3455
[   52628ms] [LOG] 1 @ https://rahulshettyacademy.com/dropdownsPractise/:3455
[   56634ms] [LOG] 2 @ https://rahulshettyacademy.com/dropdownsPractise/:3455
[   60630ms] [LOG] 3 @ https://rahulshettyacademy.com/dropdownsPractise/:3455
[   64630ms] [LOG] 0 @ https://rahulshettyacademy.com/dropdownsPractise/:3455
[   68639ms] [LOG] 1 @ https://rahulshettyacademy.com/dropdownsPractise/:3455
[   72628ms] [LOG] 2 @ https://rahulshettyacademy.com/dropdownsPractise/:3455
[   76629ms] [LOG] 3 @ https://rahulshettyacademy.com/dropdownsPractise/:3455
[   80627ms] [LOG] 0 @ https://rahulshettyacademy.com/dropdownsPractise/:3455
[   84632ms] [LOG] 1 @ https://rahulshettyacademy.com/dropdownsPractise/:3455
[   88627ms] [LOG] 2 @ https://rahulshettyacademy.com/dropdownsPractise/:3455
[   92637ms] [LOG] 3 @ https://rahulshettyacademy.com/dropdownsPractise/:3455
[   96626ms] [LOG] 0 @ https://rahulshettyacademy.com/dropdownsPractise/:3455
[  100626ms] [LOG] 1 @ https://rahulshettyacademy.com/dropdownsPractise/:3455
[  104631ms] [LOG] 2 @ https://rahulshettyacademy.com/dropdownsPractise/:3455
[  108635ms] [LOG] 3 @ https://rahulshettyacademy.com/dropdownsPractise/:3455
[  112646ms] [LOG] 0 @ https://rahulshettyacademy.com/dropdownsPractise/:3455
[  116623ms] [LOG] 1 @ https://rahulshettyacademy.com/dropdownsPractise/:3455
[  120628ms] [LOG] 2 @ https://rahulshettyacademy.com/dropdownsPractise/:3455
[  124632ms] [LOG] 3 @ https://rahulshettyacademy.com/dropdownsPractise/:3455
[  128628ms] [LOG] 0 @ https://rahulshettyacademy.com/dropdownsPractise/:3455
[  132629ms] [LOG] 1 @ https://rahulshettyacademy.com/dropdownsPractise/:3455
[  136626ms] [LOG] 2 @ https://rahulshettyacademy.com/dropdownsPractise/:3455
[  140627ms] [LOG] 3 @ https://rahulshettyacademy.com/dropdownsPractise/:3455
[  144623ms] [LOG] 0 @ https://rahulshettyacademy.com/dropdownsPractise/:3455
[  148625ms] [LOG] 1 @ https://rahulshettyacademy.com/dropdownsPractise/:3455
[  152637ms] [LOG] 2 @ https://rahulshettyacademy.com/dropdownsPractise/:3455
[  156624ms] [LOG] 3 @ https://rahulshettyacademy.com/dropdownsPractise/:3455
[  160634ms] [LOG] 0 @ https://rahulshettyacademy.com/dropdownsPractise/:3455
[  164626ms] [LOG] 1 @ https://rahulshettyacademy.com/dropdownsPractise/:3455
[  168632ms] [LOG] 2 @ https://rahulshettyacademy.com/dropdownsPractise/:3455
[  172633ms] [LOG] 3 @ https://rahulshettyacademy.com/dropdownsPractise/:3455
[  176624ms] [LOG] 0 @ https://rahulshettyacademy.com/dropdownsPractise/:3455
[  180627ms] [LOG] 1 @ https://rahulshettyacademy.com/dropdownsPractise/:3455
[  184627ms] [LOG] 2 @ https://rahulshettyacademy.com/dropdownsPractise/:3455
[  188625ms] [LOG] 3 @ https://rahulshettyacademy.com/dropdownsPractise/:3455
[  192631ms] [LOG] 0 @ https://rahulshettyacademy.com/dropdownsPractise/:3455
[  196629ms] [LOG] 1 @ https://rahulshettyacademy.com/dropdownsPractise/:3455
[  200631ms] [LOG] 2 @ https://rahulshettyacademy.com/dropdownsPractise/:3455
[  204625ms] [LOG] 3 @ https://rahulshettyacademy.com/dropdownsPractise/:3455
[  208631ms] [LOG] 0 @ https://rahulshettyacademy.com/dropdownsPractise/:3455
[  212629ms] [LOG] 1 @ https://rahulshettyacademy.com/dropdownsPractise/:3455
[  216633ms] [LOG] 2 @ https://rahulshettyacademy.com/dropdownsPractise/:3455
[  220628ms] [LOG] 3 @ https://rahulshettyacademy.com/dropdownsPractise/:3455
[  224623ms] [LOG] 0 @ https://rahulshettyacademy.com/dropdownsPractise/:3455
[  228633ms] [LOG] 1 @ https://rahulshettyacademy.com/dropdownsPractise/:3455
[  232637ms] [LOG] 2 @ https://rahulshettyacademy.com/dropdownsPractise/:3455
[  236624ms] [LOG] 3 @ https://rahulshettyacademy.com/dropdownsPractise/:3455
[  240634ms] [LOG] 0 @ https://rahulshettyacademy.com/dropdownsPractise/:3455
[  244634ms] [LOG] 1 @ https://rahulshettyacademy.com/dropdownsPractise/:3455
[  248629ms] [LOG] 2 @ https://rahulshettyacademy.com/dropdownsPractise/:3455
[  252628ms] [LOG] 3 @ https://rahulshettyacademy.com/dropdownsPractise/:3455
[  256629ms] [LOG] 0 @ https://rahulshettyacademy.com/dropdownsPractise/:3455
[  260632ms] [LOG] 1 @ https://rahulshettyacademy.com/dropdownsPractise/:3455
[  264627ms] [LOG] 2 @ https://rahulshettyacademy.com/dropdownsPractise/:3455
[  268633ms] [LOG] 3 @ https://rahulshettyacademy.com/dropdownsPractise/:3455
[  272624ms] [LOG] 0 @ https://rahulshettyacademy.com/dropdownsPractise/:3455
[  276629ms] [LOG] 1 @ https://rahulshettyacademy.com/dropdownsPractise/:3455
[  280637ms] [LOG] 2 @ https://rahulshettyacademy.com/dropdownsPractise/:3455
[  284637ms] [LOG] 3 @ https://rahulshettyacademy.com/dropdownsPractise/:3455
[  288635ms] [LOG] 0 @ https://rahulshettyacademy.com/dropdownsPractise/:3455
[  292637ms] [LOG] 1 @ https://rahulshettyacademy.com/dropdownsPractise/:3455
[  296632ms] [LOG] 2 @ https://rahulshettyacademy.com/dropdownsPractise/:3455
[  300633ms] [LOG] 3 @ https://rahulshettyacademy.com/dropdownsPractise/:3455
[  304631ms] [LOG] 0 @ https://rahulshettyacademy.com/dropdownsPractise/:3455
[  308629ms] [LOG] 1 @ https://rahulshettyacademy.com/dropdownsPractise/:3455
[  312627ms] [LOG] 2 @ https://rahulshettyacademy.com/dropdownsPractise/:3455
[  316626ms] [LOG] 3 @ https://rahulshettyacademy.com/dropdownsPractise/:3455
[  320632ms] [LOG] 0 @ https://rahulshettyacademy.com/dropdownsPractise/:3455
[  324630ms] [LOG] 1 @ https://rahulshettyacademy.com/dropdownsPractise/:3455
[  328623ms] [LOG] 2 @ https://rahulshettyacademy.com/dropdownsPractise/:3455
[  332625ms] [LOG] 3 @ https://rahulshettyacademy.com/dropdownsPractise/:3455
[  336631ms] [LOG] 0 @ https://rahulshettyacademy.com/dropdownsPractise/:3455
[  340626ms] [LOG] 1 @ https://rahulshettyacademy.com/dropdownsPractise/:3455
[  344634ms] [LOG] 2 @ https://rahulshettyacademy.com/dropdownsPractise/:3455
[  348629ms] [LOG] 3 @ https://rahulshettyacademy.com/dropdownsPractise/:3455
[  352628ms] [LOG] 0 @ https://rahulshettyacademy.com/dropdownsPractise/:3455
[  356635ms] [LOG] 1 @ https://rahulshettyacademy.com/dropdownsPractise/:3455
[  360638ms] [LOG] 2 @ https://rahulshettyacademy.com/dropdownsPractise/:3455
[  364633ms] [LOG] 3 @ https://rahulshettyacademy.com/dropdownsPractise/:3455
[  368636ms] [LOG] 0 @ https://rahulshettyacademy.com/dropdownsPractise/:3455
[  372634ms] [LOG] 1 @ https://rahulshettyacademy.com/dropdownsPractise/:3455
[  376634ms] [LOG] 2 @ https://rahulshettyacademy.com/dropdownsPractise/:3455
[  380623ms] [LOG] 3 @ https://rahulshettyacademy.com/dropdownsPractise/:3455
[  384630ms] [LOG] 0 @ https://rahulshettyacademy.com/dropdownsPractise/:3455
[  388635ms] [LOG] 1 @ https://rahulshettyacademy.com/dropdownsPractise/:3455
[  392637ms] [LOG] 2 @ https://rahulshettyacademy.com/dropdownsPractise/:3455
[  396630ms] [LOG] 3 @ https://rahulshettyacademy.com/dropdownsPractise/:3455
[  400632ms] [LOG] 0 @ https://rahulshettyacademy.com/dropdownsPractise/:3455
[  404633ms] [LOG] 1 @ https://rahulshettyacademy.com/dropdownsPractise/:3455
[  408630ms] [LOG] 2 @ https://rahulshettyacademy.com/dropdownsPractise/:3455
[  412637ms] [LOG] 3 @ https://rahulshettyacademy.com/dropdownsPractise/:3455
[  416628ms] [LOG] 0 @ https://rahulshettyacademy.com/dropdownsPractise/:3455
[  420629ms] [LOG] 1 @ https://rahulshettyacademy.com/dropdownsPractise/:3455
[  424634ms] [LOG] 2 @ https://rahulshettyacademy.com/dropdownsPractise/:3455
[  428634ms] [LOG] 3 @ https://rahulshettyacademy.com/dropdownsPractise/:3455
[  432632ms] [LOG] 0 @ https://rahulshettyacademy.com/dropdownsPractise/:3455
[  436630ms] [LOG] 1 @ https://rahulshettyacademy.com/dropdownsPractise/:3455
[  440629ms] [LOG] 2 @ https://rahulshettyacademy.com/dropdownsPractise/:3455
[  444628ms] [LOG] 3 @ https://rahulshettyacademy.com/dropdownsPractise/:3455
[  448634ms] [LOG] 0 @ https://rahulshettyacademy.com/dropdownsPractise/:3455
[  452624ms] [LOG] 1 @ https://rahulshettyacademy.com/dropdownsPractise/:3455
[  456631ms] [LOG] 2 @ https://rahulshettyacademy.com/dropdownsPractise/:3455
[  460629ms] [LOG] 3 @ https://rahulshettyacademy.com/dropdownsPractise/:3455
[  464625ms] [LOG] 0 @ https://rahulshettyacademy.com/dropdownsPractise/:3455
[  468635ms] [LOG] 1 @ https://rahulshettyacademy.com/dropdownsPractise/:3455
[  472636ms] [LOG] 2 @ https://rahulshettyacademy.com/dropdownsPractise/:3455
[  476631ms] [LOG] 3 @ https://rahulshettyacademy.com/dropdownsPractise/:3455
[  480637ms] [LOG] 0 @ https://rahulshettyacademy.com/dropdownsPractise/:3455
[  484629ms] [LOG] 1 @ https://rahulshettyacademy.com/dropdownsPractise/:3455
[  488629ms] [LOG] 2 @ https://rahulshettyacademy.com/dropdownsPractise/:3455
[  492636ms] [LOG] 3 @ https://rahulshettyacademy.com/dropdownsPractise/:3455
[  496634ms] [LOG] 0 @ https://rahulshettyacademy.com/dropdownsPractise/:3455
[  500633ms] [LOG] 1 @ https://rahulshettyacademy.com/dropdownsPractise/:3455
[  504634ms] [LOG] 2 @ https://rahulshettyacademy.com/dropdownsPractise/:3455
[  508636ms] [LOG] 3 @ https://rahulshettyacademy.com/dropdownsPractise/:3455
[  512634ms] [LOG] 0 @ https://rahulshettyacademy.com/dropdownsPractise/:3455
[  516634ms] [LOG] 1 @ https://rahulshettyacademy.com/dropdownsPractise/:3455
[  520628ms] [LOG] 2 @ https://rahulshettyacademy.com/dropdownsPractise/:3455
[  524623ms] [LOG] 3 @ https://rahulshettyacademy.com/dropdownsPractise/:3455
[  528626ms] [LOG] 0 @ https://rahulshettyacademy.com/dropdownsPractise/:3455
[  532625ms] [LOG] 1 @ https://rahulshettyacademy.com/dropdownsPractise/:3455
[  536639ms] [LOG] 2 @ https://rahulshettyacademy.com/dropdownsPractise/:3455
[  540625ms] [LOG] 3 @ https://rahulshettyacademy.com/dropdownsPractise/:3455
[  544636ms] [LOG] 0 @ https://rahulshettyacademy.com/dropdownsPractise/:3455
[  548625ms] [LOG] 1 @ https://rahulshettyacademy.com/dropdownsPractise/:3455
[  552635ms] [LOG] 2 @ https://rahulshettyacademy.com/dropdownsPractise/:3455
[  556633ms] [LOG] 3 @ https://rahulshettyacademy.com/dropdownsPractise/:3455
[  560632ms] [LOG] 0 @ https://rahulshettyacademy.com/dropdownsPractise/:3455
[  564632ms] [LOG] 1 @ https://rahulshettyacademy.com/dropdownsPractise/:3455
[  568629ms] [LOG] 2 @ https://rahulshettyacademy.com/dropdownsPractise/:3455
[  572629ms] [LOG] 3 @ https://rahulshettyacademy.com/dropdownsPractise/:3455
[  576624ms] [LOG] 0 @ https://rahulshettyacademy.com/dropdownsPractise/:3455
[  580625ms] [LOG] 1 @ https://rahulshettyacademy.com/dropdownsPractise/:3455
[  584632ms] [LOG] 2 @ https://rahulshettyacademy.com/dropdownsPractise/:3455
[  588637ms] [LOG] 3 @ https://rahulshettyacademy.com/dropdownsPractise/:3455
[  592633ms] [LOG] 0 @ https://rahulshettyacademy.com/dropdownsPractise/:3455
[  596623ms] [LOG] 1 @ https://rahulshettyacademy.com/dropdownsPractise/:3455
[  600633ms] [LOG] 2 @ https://rahulshettyacademy.com/dropdownsPractise/:3455
[  604628ms] [LOG] 3 @ https://rahulshettyacademy.com/dropdownsPractise/:3455
[  608630ms] [LOG] 0 @ https://rahulshettyacademy.com/dropdownsPractise/:3455
[  612637ms] [LOG] 1 @ https://rahulshettyacademy.com/dropdownsPractise/:3455
[  616630ms] [LOG] 2 @ https://rahulshettyacademy.com/dropdownsPractise/:3455
[  620636ms] [LOG] 3 @ https://rahulshettyacademy.com/dropdownsPractise/:3455
[  624627ms] [LOG] 0 @ https://rahulshettyacademy.com/dropdownsPractise/:3455
[  628630ms] [LOG] 1 @ https://rahulshettyacademy.com/dropdownsPractise/:3455
[  632627ms] [LOG] 2 @ https://rahulshettyacademy.com/dropdownsPractise/:3455
[  636626ms] [LOG] 3 @ https://rahulshettyacademy.com/dropdownsPractise/:3455
[  640629ms] [LOG] 0 @ https://rahulshettyacademy.com/dropdownsPractise/:3455
[  644629ms] [LOG] 1 @ https://rahulshettyacademy.com/dropdownsPractise/:3455
[  648635ms] [LOG] 2 @ https://rahulshettyacademy.com/dropdownsPractise/:3455
[  652633ms] [LOG] 3 @ https://rahulshettyacademy.com/dropdownsPractise/:3455
[  656624ms] [LOG] 0 @ https://rahulshettyacademy.com/dropdownsPractise/:3455
[  660636ms] [LOG] 1 @ https://rahulshettyacademy.com/dropdownsPractise/:3455
[  664626ms] [LOG] 2 @ https://rahulshettyacademy.com/dropdownsPractise/:3455
[  668624ms] [LOG] 3 @ https://rahulshettyacademy.com/dropdownsPractise/:3455
[  672623ms] [LOG] 0 @ https://rahulshettyacademy.com/dropdownsPractise/:3455
[  676629ms] [LOG] 1 @ https://rahulshettyacademy.com/dropdownsPractise/:3455
[  680627ms] [LOG] 2 @ https://rahulshettyacademy.com/dropdownsPractise/:3455
[  684626ms] [LOG] 3 @ https://rahulshettyacademy.com/dropdownsPractise/:3455
[  688625ms] [LOG] 0 @ https://rahulshettyacademy.com/dropdownsPractise/:3455
[  692624ms] [LOG] 1 @ https://rahulshettyacademy.com/dropdownsPractise/:3455
[  696639ms] [LOG] 2 @ https://rahulshettyacademy.com/dropdownsPractise/:3455
[  700626ms] [LOG] 3 @ https://rahulshettyacademy.com/dropdownsPractise/:3455
[  704636ms] [LOG] 0 @ https://rahulshettyacademy.com/dropdownsPractise/:3455
[  708634ms] [LOG] 1 @ https://rahulshettyacademy.com/dropdownsPractise/:3455
[  712634ms] [LOG] 2 @ https://rahulshettyacademy.com/dropdownsPractise/:3455
[  716623ms] [LOG] 3 @ https://rahulshettyacademy.com/dropdownsPractise/:3455
[  720637ms] [LOG] 0 @ https://rahulshettyacademy.com/dropdownsPractise/:3455
[  724622ms] [LOG] 1 @ https://rahulshettyacademy.com/dropdownsPractise/:3455
[  728638ms] [LOG] 2 @ https://rahulshettyacademy.com/dropdownsPractise/:3455
[  732629ms] [LOG] 3 @ https://rahulshettyacademy.com/dropdownsPractise/:3455
[  736635ms] [LOG] 0 @ https://rahulshettyacademy.com/dropdownsPractise/:3455
[  740624ms] [LOG] 1 @ https://rahulshettyacademy.com/dropdownsPractise/:3455
[  744638ms] [LOG] 2 @ https://rahulshettyacademy.com/dropdownsPractise/:3455
[  748639ms] [LOG] 3 @ https://rahulshettyacademy.com/dropdownsPractise/:3455
[  752633ms] [LOG] 0 @ https://rahulshettyacademy.com/dropdownsPractise/:3455
[  756623ms] [LOG] 1 @ https://rahulshettyacademy.com/dropdownsPractise/:3455
[  760635ms] [LOG] 2 @ https://rahulshettyacademy.com/dropdownsPractise/:3455
[  764638ms] [LOG] 3 @ https://rahulshettyacademy.com/dropdownsPractise/:3455
[  768631ms] [LOG] 0 @ https://rahulshettyacademy.com/dropdownsPractise/:3455
[  772627ms] [LOG] 1 @ https://rahulshettyacademy.com/dropdownsPractise/:3455
[  776634ms] [LOG] 2 @ https://rahulshettyacademy.com/dropdownsPractise/:3455
[  780624ms] [LOG] 3 @ https://rahulshettyacademy.com/dropdownsPractise/:3455
[  784635ms] [LOG] 0 @ https://rahulshettyacademy.com/dropdownsPractise/:3455
[  788635ms] [LOG] 1 @ https://rahulshettyacademy.com/dropdownsPractise/:3455
[  792636ms] [LOG] 2 @ https://rahulshettyacademy.com/dropdownsPractise/:3455
[  796626ms] [LOG] 3 @ https://rahulshettyacademy.com/dropdownsPractise/:3455
[  800638ms] [LOG] 0 @ https://rahulshettyacademy.com/dropdownsPractise/:3455
[  804635ms] [LOG] 1 @ https://rahulshettyacademy.com/dropdownsPractise/:3455
[  808625ms] [LOG] 2 @ https://rahulshettyacademy.com/dropdownsPractise/:3455
[  812627ms] [LOG] 3 @ https://rahulshettyacademy.com/dropdownsPractise/:3455
[  816626ms] [LOG] 0 @ https://rahulshettyacademy.com/dropdownsPractise/:3455
[  820634ms] [LOG] 1 @ https://rahulshettyacademy.com/dropdownsPractise/:3455
[  824624ms] [LOG] 2 @ https://rahulshettyacademy.com/dropdownsPractise/:3455
[  828624ms] [LOG] 3 @ https://rahulshettyacademy.com/dropdownsPractise/:3455
[  832637ms] [LOG] 0 @ https://rahulshettyacademy.com/dropdownsPractise/:3455
[  836636ms] [LOG] 1 @ https://rahulshettyacademy.com/dropdownsPractise/:3455
[  840634ms] [LOG] 2 @ https://rahulshettyacademy.com/dropdownsPractise/:3455
[  844623ms] [LOG] 3 @ https://rahulshettyacademy.com/dropdownsPractise/:3455
[  848637ms] [LOG] 0 @ https://rahulshettyacademy.com/dropdownsPractise/:3455
[  852623ms] [LOG] 1 @ https://rahulshettyacademy.com/dropdownsPractise/:3455
[  856637ms] [LOG] 2 @ https://rahulshettyacademy.com/dropdownsPractise/:3455
[  860628ms] [LOG] 3 @ https://rahulshettyacademy.com/dropdownsPractise/:3455
[  864623ms] [LOG] 0 @ https://rahulshettyacademy.com/dropdownsPractise/:3455
[  868624ms] [LOG] 1 @ https://rahulshettyacademy.com/dropdownsPractise/:3455
[  872633ms] [LOG] 2 @ https://rahulshettyacademy.com/dropdownsPractise/:3455
[  876626ms] [LOG] 3 @ https://rahulshettyacademy.com/dropdownsPractise/:3455
[  880635ms] [LOG] 0 @ https://rahulshettyacademy.com/dropdownsPractise/:3455
[  884626ms] [LOG] 1 @ https://rahulshettyacademy.com/dropdownsPractise/:3455
[  888635ms] [LOG] 2 @ https://rahulshettyacademy.com/dropdownsPractise/:3455
[  892632ms] [LOG] 3 @ https://rahulshettyacademy.com/dropdownsPractise/:3455
[  896631ms] [LOG] 0 @ https://rahulshettyacademy.com/dropdownsPractise/:3455
[  900629ms] [LOG] 1 @ https://rahulshettyacademy.com/dropdownsPractise/:3455
[  904624ms] [LOG] 2 @ https://rahulshettyacademy.com/dropdownsPractise/:3455
[  908630ms] [LOG] 3 @ https://rahulshettyacademy.com/dropdownsPractise/:3455
[  912635ms] [LOG] 0 @ https://rahulshettyacademy.com/dropdownsPractise/:3455
[  916632ms] [LOG] 1 @ https://rahulshettyacademy.com/dropdownsPractise/:3455
[  920637ms] [LOG] 2 @ https://rahulshettyacademy.com/dropdownsPractise/:3455
[  924626ms] [LOG] 3 @ https://rahulshettyacademy.com/dropdownsPractise/:3455
[  928632ms] [LOG] 0 @ https://rahulshettyacademy.com/dropdownsPractise/:3455
[  932631ms] [LOG] 1 @ https://rahulshettyacademy.com/dropdownsPractise/:3455
[  936639ms] [LOG] 2 @ https://rahulshettyacademy.com/dropdownsPractise/:3455
[  940635ms] [LOG] 3 @ https://rahulshettyacademy.com/dropdownsPractise/:3455
[  944627ms] [LOG] 0 @ https://rahulshettyacademy.com/dropdownsPractise/:3455
[  948630ms] [LOG] 1 @ https://rahulshettyacademy.com/dropdownsPractise/:3455
[  952630ms] [LOG] 2 @ https://rahulshettyacademy.com/dropdownsPractise/:3455
[  956624ms] [LOG] 3 @ https://rahulshettyacademy.com/dropdownsPractise/:3455
[  960633ms] [LOG] 0 @ https://rahulshettyacademy.com/dropdownsPractise/:3455
[  964638ms] [LOG] 1 @ https://rahulshettyacademy.com/dropdownsPractise/:3455
[  968635ms] [LOG] 2 @ https://rahulshettyacademy.com/dropdownsPractise/:3455
[  972633ms] [LOG] 3 @ https://rahulshettyacademy.com/dropdownsPractise/:3455
[  976627ms] [LOG] 0 @ https://rahulshettyacademy.com/dropdownsPractise/:3455
[  980623ms] [LOG] 1 @ https://rahulshettyacademy.com/dropdownsPractise/:3455
[  984627ms] [LOG] 2 @ https://rahulshettyacademy.com/dropdownsPractise/:3455
[  988626ms] [LOG] 3 @ https://rahulshettyacademy.com/dropdownsPractise/:3455
[  992624ms] [LOG] 0 @ https://rahulshettyacademy.com/dropdownsPractise/:3455
[  996629ms] [LOG] 1 @ https://rahulshettyacademy.com/dropdownsPractise/:3455
[ 1000628ms] [LOG] 2 @ https://rahulshettyacademy.com/dropdownsPractise/:3455
[ 1004625ms] [LOG] 3 @ https://rahulshettyacademy.com/dropdownsPractise/:3455
[ 1008623ms] [LOG] 0 @ https://rahulshettyacademy.com/dropdownsPractise/:3455
[ 1012637ms] [LOG] 1 @ https://rahulshettyacademy.com/dropdownsPractise/:3455
[ 1016627ms] [LOG] 2 @ https://rahulshettyacademy.com/dropdownsPractise/:3455
[ 1020624ms] [LOG] 3 @ https://rahulshettyacademy.com/dropdownsPractise/:3455
[ 1024639ms] [LOG] 0 @ https://rahulshettyacademy.com/dropdownsPractise/:3455
[ 1028629ms] [LOG] 1 @ https://rahulshettyacademy.com/dropdownsPractise/:3455
[ 1032626ms] [LOG] 2 @ https://rahulshettyacademy.com/dropdownsPractise/:3455
[ 1036623ms] [LOG] 3 @ https://rahulshettyacademy.com/dropdownsPractise/:3455
[ 1040632ms] [LOG] 0 @ https://rahulshettyacademy.com/dropdownsPractise/:3455
[ 1044627ms] [LOG] 1 @ https://rahulshettyacademy.com/dropdownsPractise/:3455
[ 1048629ms] [LOG] 2 @ https://rahulshettyacademy.com/dropdownsPractise/:3455
[ 1052630ms] [LOG] 3 @ https://rahulshettyacademy.com/dropdownsPractise/:3455
[ 1056638ms] [LOG] 0 @ https://rahulshettyacademy.com/dropdownsPractise/:3455
[ 1060634ms] [LOG] 1 @ https://rahulshettyacademy.com/dropdownsPractise/:3455
[ 1064633ms] [LOG] 2 @ https://rahulshettyacademy.com/dropdownsPractise/:3455
[ 1068639ms] [LOG] 3 @ https://rahulshettyacademy.com/dropdownsPractise/:3455
[ 1072637ms] [LOG] 0 @ https://rahulshettyacademy.com/dropdownsPractise/:3455
[ 1076634ms] [LOG] 1 @ https://rahulshettyacademy.com/dropdownsPractise/:3455
[ 1080633ms] [LOG] 2 @ https://rahulshettyacademy.com/dropdownsPractise/:3455
[ 1084634ms] [LOG] 3 @ https://rahulshettyacademy.com/dropdownsPractise/:3455
[ 1088628ms] [LOG] 0 @ https://rahulshettyacademy.com/dropdownsPractise/:3455
[ 1092625ms] [LOG] 1 @ https://rahulshettyacademy.com/dropdownsPractise/:3455
[ 1096631ms] [LOG] 2 @ https://rahulshettyacademy.com/dropdownsPractise/:3455
[ 1100623ms] [LOG] 3 @ https://rahulshettyacademy.com/dropdownsPractise/:3455
[ 1104627ms] [LOG] 0 @ https://rahulshettyacademy.com/dropdownsPractise/:3455
[ 1108624ms] [LOG] 1 @ https://rahulshettyacademy.com/dropdownsPractise/:3455
[ 1112638ms] [LOG] 2 @ https://rahulshettyacademy.com/dropdownsPractise/:3455
[ 1116629ms] [LOG] 3 @ https://rahulshettyacademy.com/dropdownsPractise/:3455
[ 1120635ms] [LOG] 0 @ https://rahulshettyacademy.com/dropdownsPractise/:3455
[ 1124624ms] [LOG] 1 @ https://rahulshettyacademy.com/dropdownsPractise/:3455
[ 1128636ms] [LOG] 2 @ https://rahulshettyacademy.com/dropdownsPractise/:3455
[ 1132627ms] [LOG] 3 @ https://rahulshettyacademy.com/dropdownsPractise/:3455
[ 1136626ms] [LOG] 0 @ https://rahulshettyacademy.com/dropdownsPractise/:3455
[ 1140631ms] [LOG] 1 @ https://rahulshettyacademy.com/dropdownsPractise/:3455
[ 1144629ms] [LOG] 2 @ https://rahulshettyacademy.com/dropdownsPractise/:3455
[ 1148626ms] [LOG] 3 @ https://rahulshettyacademy.com/dropdownsPractise/:3455
[ 1152624ms] [LOG] 0 @ https://rahulshettyacademy.com/dropdownsPractise/:3455
[ 1156630ms] [LOG] 1 @ https://rahulshettyacademy.com/dropdownsPractise/:3455
[ 1160636ms] [LOG] 2 @ https://rahulshettyacademy.com/dropdownsPractise/:3455
[ 1164626ms] [LOG] 3 @ https://rahulshettyacademy.com/dropdownsPractise/:3455
[ 1168624ms] [LOG] 0 @ https://rahulshettyacademy.com/dropdownsPractise/:3455
[ 1172628ms] [LOG] 1 @ https://rahulshettyacademy.com/dropdownsPractise/:3455
[ 1176627ms] [LOG] 2 @ https://rahulshettyacademy.com/dropdownsPractise/:3455
[ 1180625ms] [LOG] 3 @ https://rahulshettyacademy.com/dropdownsPractise/:3455
[ 1184623ms] [LOG] 0 @ https://rahulshettyacademy.com/dropdownsPractise/:3455
[ 1188628ms] [LOG] 1 @ https://rahulshettyacademy.com/dropdownsPractise/:3455
[ 1192635ms] [LOG] 2 @ https://rahulshettyacademy.com/dropdownsPractise/:3455
[ 1196624ms] [LOG] 3 @ https://rahulshettyacademy.com/dropdownsPractise/:3455
[ 1200639ms] [LOG] 0 @ https://rahulshettyacademy.com/dropdownsPractise/:3455
[ 1204635ms] [LOG] 1 @ https://rahulshettyacademy.com/dropdownsPractise/:3455
[ 1208626ms] [LOG] 2 @ https://rahulshettyacademy.com/dropdownsPractise/:3455
[ 1212624ms] [LOG] 3 @ https://rahulshettyacademy.com/dropdownsPractise/:3455
[ 1216630ms] [LOG] 0 @ https://rahulshettyacademy.com/dropdownsPractise/:3455
[ 1220626ms] [LOG] 1 @ https://rahulshettyacademy.com/dropdownsPractise/:3455
[ 1224626ms] [LOG] 2 @ https://rahulshettyacademy.com/dropdownsPractise/:3455
[ 1228623ms] [LOG] 3 @ https://rahulshettyacademy.com/dropdownsPractise/:3455
[ 1232628ms] [LOG] 0 @ https://rahulshettyacademy.com/dropdownsPractise/:3455
[ 1236625ms] [LOG] 1 @ https://rahulshettyacademy.com/dropdownsPractise/:3455
[ 1240623ms] [LOG] 2 @ https://rahulshettyacademy.com/dropdownsPractise/:3455
[ 1244630ms] [LOG] 3 @ https://rahulshettyacademy.com/dropdownsPractise/:3455
[ 1248629ms] [LOG] 0 @ https://rahulshettyacademy.com/dropdownsPractise/:3455
[ 1252625ms] [LOG] 1 @ https://rahulshettyacademy.com/dropdownsPractise/:3455
[ 1256624ms] [LOG] 2 @ https://rahulshettyacademy.com/dropdownsPractise/:3455
[ 1260636ms] [LOG] 3 @ https://rahulshettyacademy.com/dropdownsPractise/:3455
[ 1264683ms] [LOG] 0 @ https://rahulshettyacademy.com/dropdownsPractise/:3455
[ 1268627ms] [LOG] 1 @ https://rahulshettyacademy.com/dropdownsPractise/:3455
[ 1272638ms] [LOG] 2 @ https://rahulshettyacademy.com/dropdownsPractise/:3455
[ 1276636ms] [LOG] 3 @ https://rahulshettyacademy.com/dropdownsPractise/:3455
[ 1280627ms] [LOG] 0 @ https://rahulshettyacademy.com/dropdownsPractise/:3455
[ 1284631ms] [LOG] 1 @ https://rahulshettyacademy.com/dropdownsPractise/:3455
[ 1288629ms] [LOG] 2 @ https://rahulshettyacademy.com/dropdownsPractise/:3455
[ 1292628ms] [LOG] 3 @ https://rahulshettyacademy.com/dropdownsPractise/:3455
[ 1296631ms] [LOG] 0 @ https://rahulshettyacademy.com/dropdownsPractise/:3455
[ 1300631ms] [LOG] 1 @ https://rahulshettyacademy.com/dropdownsPractise/:3455
[ 1304629ms] [LOG] 2 @ https://rahulshettyacademy.com/dropdownsPractise/:3455
